C51 COMPILER V9.54   DELAY                                                                 07/26/2022 21:10:29 PAGE 1   


C51 COMPILER V9.54, COMPILATION OF MODULE DELAY
OBJECT MODULE PLACED IN ..\Obj\delay.obj
COMPILER INVOKED BY: D:\keil 5 - C51\C51\BIN\C51.EXE ..\Fwlib\delay.c LARGE OPTIMIZE(8,SPEED) BROWSE INCDIR(..\Fwlib;..\
                    -Hardware\LED;..\Hardware\OLED;..\Software\IIC;..\User;..\System\MyTimer) DEBUG OBJECTEXTEND PRINT(.\Listings\delay.lst) 
                    -OBJECT(..\Obj\delay.obj)

line level    source

   1          #include        "delay.h"
   2          
   3          void Delay15us(void)            //@24.000MHz
   4          {
   5   1              unsigned char i;
   6   1      
   7   1              i = 78;
   8   1              while (--i);
   9   1      }
  10          
  11          /*------------- 自适应延时函数 -------------*/
  12          
  13          void delay_1_us(u16 us)         //@24.00MHz下，实际上延时2/2.4us
  14          {
  15   1              u16 i;
  16   1              do{
  17   2                      i = MAIN_Fosc / 10000000;
  18   2                      while(--i);
  19   2              }while(--us);
  20   1      }
  21          
  22          void delay_5_us(u16 _5us)
  23          {
  24   1              u16 i;
  25   1              do{
  26   2                      i = MAIN_Fosc / 2000000;
  27   2                      while(--i);
  28   2              }while(--_5us);
  29   1      }
  30          
  31          void delay_10_us(u16 _10us)
  32          {
  33   1              u16 i;
  34   1              do{
  35   2                      i = MAIN_Fosc / 1000000;
  36   2                      while(--i);
  37   2              }while(--_10us);
  38   1      }
  39          
  40          void delay_ms(u16 ms)
  41          {
  42   1              u16 i;
  43   1              do{
  44   2                      i = MAIN_Fosc / 10000;
  45   2                      while(--i);
  46   2              }while(--ms);
  47   1      }
  48          
  49          /*------------- 自适应延时函数 -------------*/


MODULE INFORMATION:   STATIC OVERLAYABLE
   CODE SIZE        =     97    ----
C51 COMPILER V9.54   DELAY                                                                 07/26/2022 21:10:29 PAGE 2   

   CONSTANT SIZE    =   ----    ----
   XDATA SIZE       =   ----    ----
   PDATA SIZE       =   ----    ----
   DATA SIZE        =   ----    ----
   IDATA SIZE       =   ----    ----
   BIT SIZE         =   ----    ----
END OF MODULE INFORMATION.


C51 COMPILATION COMPLETE.  0 WARNING(S),  0 ERROR(S)
