C51 COMPILER V9.60.0.0   MAIN                                                              12/03/2022 19:45:33 PAGE 1   


C51 COMPILER V9.60.0.0, COMPILATION OF MODULE MAIN
OBJECT MODULE PLACED IN .\Object\main.obj
COMPILER INVOKED BY: D:\Keil_v5\C51\BIN\C51.EXE ..\User\main.c LARGE OPTIMIZE(8,SPEED) BROWSE INCDIR(..\Fwlib;..\Hardwar
                    -e\LED;..\Hardware\OLED;..\User;..\System\MyTimer;..\System\MyI2C;..\System\MyUART) DEBUG OBJECTEXTEND PRINT(.\Listings\m
                    -ain.lst) OBJECT(.\Object\main.obj)

line level    source

   1          #include "main.h"
   2          
   3          extern u8 OLED_Event_Flag;
   4          extern u32 frame;
   5          extern u32 f_OLED;
   6          
   7          void System_Init(void)
   8          {
   9   1              LED_GPIO_Config();
  10   1              OLED_Init();
  11   1              My_UART_Init();
  12   1              MyTimer_Init();
  13   1              
  14   1              EA_OPN();
  15   1      }
  16          
  17          void main()
  18          {
  19   1              System_Init();
  20   1              
  21   1              OLED_Mes_Type(); OLED_Refresh_Gram();
  22   1              
  23   1              while(1)
  24   1              {
  25   2                      frame++;
  26   2                      
  27   2                      if(OLED_Event_Flag==OLED_Update_Event)
  28   2                      {
  29   3                              OLED_ShowNums(16, 16, f_OLED, 16, FILL);
  30   3                              OLED_Event_Flag = OLED_No_Event;
  31   3                      }
  32   2                      
  33   2                      if(OLED_Event_Flag==OLED_No_Event)
  34   2                              OLED_ShowNums(48, 0, frame, 16, FILL);
  35   2                      
  36   2                      OLED_Refresh_Gram();
  37   2              }
  38   1      }


MODULE INFORMATION:   STATIC OVERLAYABLE
   CODE SIZE        =    154    ----
   CONSTANT SIZE    =   ----    ----
   XDATA SIZE       =   ----    ----
   PDATA SIZE       =   ----    ----
   DATA SIZE        =   ----    ----
   IDATA SIZE       =   ----    ----
   BIT SIZE         =   ----    ----
END OF MODULE INFORMATION.


C51 COMPILATION COMPLETE.  0 WARNING(S),  0 ERROR(S)
