C51 COMPILER V9.60.0.0   SCREEN                                                            12/03/2022 19:45:33 PAGE 1   


C51 COMPILER V9.60.0.0, COMPILATION OF MODULE SCREEN
OBJECT MODULE PLACED IN .\Object\screen.obj
COMPILER INVOKED BY: D:\Keil_v5\C51\BIN\C51.EXE ..\Hardware\OLED\screen.c LARGE OPTIMIZE(8,SPEED) BROWSE INCDIR(..\Fwlib
                    -;..\Hardware\LED;..\Hardware\OLED;..\User;..\System\MyTimer;..\System\MyI2C;..\System\MyUART) DEBUG OBJECTEXTEND PRINT(.
                    -\Listings\screen.lst) OBJECT(.\Object\screen.obj)

line level    source

   1          #include "screen.h"
   2          
   3          #include <stdlib.h>
   4          #include <math.h>
   5          
   6          #include "delay.h"
   7          
   8          u8 OLED_Event_Flag = OLED_No_Event;
   9          
  10          u32 frame = 0;
  11          u32 f_OLED;  // OLEDµÄÆµÂÊ
  12          
  13          void OLED_Mes_Type(void)
  14          {
  15   1              OLED_ShowString(0, 0, (u8*)"frame:", 16, FILL);
  16   1              OLED_ShowString(0, 16, (u8*)"f:0  Hz", 16, FILL);
  17   1      }


MODULE INFORMATION:   STATIC OVERLAYABLE
   CODE SIZE        =     45    ----
   CONSTANT SIZE    =     15    ----
   XDATA SIZE       =      9    ----
   PDATA SIZE       =   ----    ----
   DATA SIZE        =   ----    ----
   IDATA SIZE       =   ----    ----
   BIT SIZE         =   ----    ----
END OF MODULE INFORMATION.


C51 COMPILATION COMPLETE.  0 WARNING(S),  0 ERROR(S)
